SVG elements: 5
  - type=circle, fill=none, vertices=0
  - type=circle, fill=#a2dff7, vertices=0
  - type=path, fill=black, vertices=3
  - type=path, fill=url(#leafGradient), vertices=3
  - type=path, fill=none, vertices=2

Enriched elements: 11
Enriched animations: 7
Map expansions: 1

============================================================
GENERATED SCRIPT (14579 chars)
============================================================
var comp = app.project.items.addComp("Scene", 1080, 1920, 1, 3.3, 30);
comp.layers.addSolid([0.059, 0.090, 0.165], "Background", 1080, 1920, 1, 3.3);

// --- Circle_animated ---
var sl1 = comp.layers.addShape(); sl1.name = "Circle_animated";
var g1 = sl1.property("ADBE Root Vectors Group").addProperty("ADBE Vector Group");
var vg1 = g1.property("ADBE Vectors Group");
var ps1 = vg1.addProperty("ADBE Vector Shape - Ellipse");
ps1.property("ADBE Vector Ellipse Size").setValue([2800.0, 2800.0]);
var st1 = vg1.addProperty("ADBE Vector Graphic - Stroke");
st1.property("ADBE Vector Stroke Color").setValue([0.635, 0.875, 0.969]);
st1.property("ADBE Vector Stroke Width").setValue(4.0);
sl1.property("ADBE Transform Group").property("ADBE Position").setValue([540, 960]);

// --- Particle_0 ---
var sl2 = comp.layers.addShape(); sl2.name = "Particle_0";
var g2 = sl2.property("ADBE Root Vectors Group").addProperty("ADBE Vector Group");
var vg2 = g2.property("ADBE Vectors Group");
var ps2 = vg2.addProperty("ADBE Vector Shape - Ellipse");
ps2.property("ADBE Vector Ellipse Size").setValue([4.2, 4.2]);
var f2 = vg2.addProperty("ADBE Vector Graphic - Fill");
f2.property("ADBE Vector Fill Color").setValue([0.635, 0.875, 0.969]);
sl2.property("ADBE Transform Group").property("ADBE Position").setValue([568, 960]);
var glow2 = sl2.property("ADBE Effect Parade").addProperty("ADBE Glo2");
glow2.property("ADBE Glo2-0003").setValue(5);
glow2.property("ADBE Glo2-0002").setValue(60);

// --- Particle_1 ---
var sl3 = comp.layers.addShape(); sl3.name = "Particle_1";
var g3 = sl3.property("ADBE Root Vectors Group").addProperty("ADBE Vector Group");
var vg3 = g3.property("ADBE Vectors Group");
var ps3 = vg3.addProperty("ADBE Vector Shape - Ellipse");
ps3.property("ADBE Vector Ellipse Size").setValue([5.4, 5.4]);
var f3 = vg3.addProperty("ADBE Vector Graphic - Fill");
f3.property("ADBE Vector Fill Color").setValue([0.635, 0.875, 0.969]);
sl3.property("ADBE Transform Group").property("ADBE Position").setValue([495, 960]);
var glow3 = sl3.property("ADBE Effect Parade").addProperty("ADBE Glo2");
glow3.property("ADBE Glo2-0003").setValue(5);
glow3.property("ADBE Glo2-0002").setValue(60);

// --- Particle_2 ---
var sl4 = comp.layers.addShape(); sl4.name = "Particle_2";
var g4 = sl4.property("ADBE Root Vectors Group").addProperty("ADBE Vector Group");
var vg4 = g4.property("ADBE Vectors Group");
var ps4 = vg4.addProperty("ADBE Vector Shape - Ellipse");
ps4.property("ADBE Vector Ellipse Size").setValue([8.0, 8.0]);
var f4 = vg4.addProperty("ADBE Vector Graphic - Fill");
f4.property("ADBE Vector Fill Color").setValue([0.635, 0.875, 0.969]);
sl4.property("ADBE Transform Group").property("ADBE Position").setValue([587, 960]);
var glow4 = sl4.property("ADBE Effect Parade").addProperty("ADBE Glo2");
glow4.property("ADBE Glo2-0003").setValue(5);
glow4.property("ADBE Glo2-0002").setValue(60);

// --- Particle_3 ---
var sl5 = comp.layers.addShape(); sl5.name = "Particle_3";
var g5 = sl5.property("ADBE Root Vectors Group").addProperty("ADBE Vector Group");
var vg5 = g5.property("ADBE Vectors Group");
var ps5 = vg5.addProperty("ADBE Vector Shape - Ellipse");
ps5.property("ADBE Vector Ellipse Size").setValue([4.6, 4.6]);
var f5 = vg5.addProperty("ADBE Vector Graphic - Fill");
f5.property("ADBE Vector Fill Color").setValue([0.635, 0.875, 0.969]);
sl5.property("ADBE Transform Group").property("ADBE Position").setValue([618, 960]);
var glow5 = sl5.property("ADBE Effect Parade").addProperty("ADBE Glo2");
glow5.property("ADBE Glo2-0003").setValue(5);
glow5.property("ADBE Glo2-0002").setValue(60);

// --- Particle_4 ---
var sl6 = comp.layers.addShape(); sl6.name = "Particle_4";
var g6 = sl6.property("ADBE Root Vectors Group").addProperty("ADBE Vector Group");
var vg6 = g6.property("ADBE Vectors Group");
var ps6 = vg6.addProperty("ADBE Vector Shape - Ellipse");
ps6.property("ADBE Vector Ellipse Size").setValue([4.2, 4.2]);
var f6 = vg6.addProperty("ADBE Vector Graphic - Fill");
f6.property("ADBE Vector Fill Color").setValue([0.635, 0.875, 0.969]);
sl6.property("ADBE Transform Group").property("ADBE Position").setValue([524, 960]);
var glow6 = sl6.property("ADBE Effect Parade").addProperty("ADBE Glo2");
glow6.property("ADBE Glo2-0003").setValue(5);
glow6.property("ADBE Glo2-0002").setValue(60);

// --- Particle_5 ---
var sl7 = comp.layers.addShape(); sl7.name = "Particle_5";
var g7 = sl7.property("ADBE Root Vectors Group").addProperty("ADBE Vector Group");
var vg7 = g7.property("ADBE Vectors Group");
var ps7 = vg7.addProperty("ADBE Vector Shape - Ellipse");
ps7.property("ADBE Vector Ellipse Size").setValue([7.0, 7.0]);
var f7 = vg7.addProperty("ADBE Vector Graphic - Fill");
f7.property("ADBE Vector Fill Color").setValue([0.635, 0.875, 0.969]);
sl7.property("ADBE Transform Group").property("ADBE Position").setValue([484, 960]);
var glow7 = sl7.property("ADBE Effect Parade").addProperty("ADBE Glo2");
glow7.property("ADBE Glo2-0003").setValue(5);
glow7.property("ADBE Glo2-0002").setValue(60);

// --- Particle_6 ---
var sl8 = comp.layers.addShape(); sl8.name = "Particle_6";
var g8 = sl8.property("ADBE Root Vectors Group").addProperty("ADBE Vector Group");
var vg8 = g8.property("ADBE Vectors Group");
var ps8 = vg8.addProperty("ADBE Vector Shape - Ellipse");
ps8.property("ADBE Vector Ellipse Size").setValue([5.2, 5.2]);
var f8 = vg8.addProperty("ADBE Vector Graphic - Fill");
f8.property("ADBE Vector Fill Color").setValue([0.635, 0.875, 0.969]);
sl8.property("ADBE Transform Group").property("ADBE Position").setValue([445, 960]);
var glow8 = sl8.property("ADBE Effect Parade").addProperty("ADBE Glo2");
glow8.property("ADBE Glo2-0003").setValue(5);
glow8.property("ADBE Glo2-0002").setValue(60);

// --- Particle_7 ---
var sl9 = comp.layers.addShape(); sl9.name = "Particle_7";
var g9 = sl9.property("ADBE Root Vectors Group").addProperty("ADBE Vector Group");
var vg9 = g9.property("ADBE Vectors Group");
var ps9 = vg9.addProperty("ADBE Vector Shape - Ellipse");
ps9.property("ADBE Vector Ellipse Size").setValue([7.2, 7.2]);
var f9 = vg9.addProperty("ADBE Vector Graphic - Fill");
f9.property("ADBE Vector Fill Color").setValue([0.635, 0.875, 0.969]);
sl9.property("ADBE Transform Group").property("ADBE Position").setValue([570, 960]);
var glow9 = sl9.property("ADBE Effect Parade").addProperty("ADBE Glo2");
glow9.property("ADBE Glo2-0003").setValue(5);
glow9.property("ADBE Glo2-0002").setValue(60);

// --- Path_10 ---
var sl10 = comp.layers.addShape(); sl10.name = "Path_10";
var g10 = sl10.property("ADBE Root Vectors Group").addProperty("ADBE Vector Group");
var vg10 = g10.property("ADBE Vectors Group");
var ps10 = vg10.addProperty("ADBE Vector Shape - Group");
var s10 = new Shape();
s10.vertices = [[-120.0, 0.0], [120.0, 0.0], [-120.0, 0.0]];
s10.inTangents = [[0.0, 0.0], [-60.0, -120.0], [60.0, 120.0]];
s10.outTangents = [[60.0, -120.0], [-60.0, 120.0], [0.0, 0.0]];
s10.closed = false;
ps10.property("ADBE Vector Shape").setValue(s10);
var f10 = vg10.addProperty("ADBE Vector Graphic - Fill");
f10.property("ADBE Vector Fill Color").setValue([0.000, 0.000, 0.000]);
sl10.property("ADBE Transform Group").property("ADBE Position").setValue([540.0, 960.0]);
var ds10 = sl10.property("ADBE Effect Parade").addProperty("ADBE Drop Shadow");
ds10.property("ADBE Drop Shadow-0002").setValue(75);
ds10.property("ADBE Drop Shadow-0005").setValue(20);
ds10.property("ADBE Drop Shadow-0004").setValue(4);

// --- Path_11 ---
var sl11 = comp.layers.addShape(); sl11.name = "Path_11";
var g11 = sl11.property("ADBE Root Vectors Group").addProperty("ADBE Vector Group");
var vg11 = g11.property("ADBE Vectors Group");
var ps11 = vg11.addProperty("ADBE Vector Shape - Group");
var s11 = new Shape();
s11.vertices = [[-120.0, 0.0], [120.0, 0.0], [-120.0, 0.0]];
s11.inTangents = [[0.0, 0.0], [-60.0, -120.0], [60.0, 120.0]];
s11.outTangents = [[60.0, -120.0], [-60.0, 120.0], [0.0, 0.0]];
s11.closed = false;
ps11.property("ADBE Vector Shape").setValue(s11);
var f11 = vg11.addProperty("ADBE Vector Graphic - Fill");
f11.property("ADBE Vector Fill Color").setValue([0.500, 0.500, 0.500]);
sl11.property("ADBE Transform Group").property("ADBE Position").setValue([540.0, 960.0]);
var ds11 = sl11.property("ADBE Effect Parade").addProperty("ADBE Drop Shadow");
ds11.property("ADBE Drop Shadow-0002").setValue(75);
ds11.property("ADBE Drop Shadow-0005").setValue(20);
ds11.property("ADBE Drop Shadow-0004").setValue(4);

// --- Path_12 ---
var sl12 = comp.layers.addShape(); sl12.name = "Path_12";
var g12 = sl12.property("ADBE Root Vectors Group").addProperty("ADBE Vector Group");
var vg12 = g12.property("ADBE Vectors Group");
var ps12 = vg12.addProperty("ADBE Vector Shape - Group");
var s12 = new Shape();
s12.vertices = [[-120.0, 0.0], [120.0, 0.0]];
s12.inTangents = [[0.0, 0.0], [0.0, 0.0]];
s12.outTangents = [[0.0, 0.0], [0.0, 0.0]];
s12.closed = false;
ps12.property("ADBE Vector Shape").setValue(s12);
var st12 = vg12.addProperty("ADBE Vector Graphic - Stroke");
st12.property("ADBE Vector Stroke Color").setValue([0.118, 0.518, 0.286]);
st12.property("ADBE Vector Stroke Width").setValue(1.0);
sl12.property("ADBE Transform Group").property("ADBE Position").setValue([540.0, 960.0]);
var ds12 = sl12.property("ADBE Effect Parade").addProperty("ADBE Drop Shadow");
ds12.property("ADBE Drop Shadow-0002").setValue(75);
ds12.property("ADBE Drop Shadow-0005").setValue(20);
ds12.property("ADBE Drop Shadow-0004").setValue(4);

// --- Text Layer ---
var textLayer = comp.layers.addBoxText([972, 300], "Tus plantas limpian el aire y reducen el estres.");
var td = textLayer.property("Source Text").value;
td.resetCharStyle();
td.font = "Arial";
td.fontSize = 68;
td.fauxBold = true;
td.fillColor = [0.180, 0.800, 0.443];
td.justification = ParagraphJustification.CENTER_JUSTIFY;
textLayer.property("Source Text").setValue(td);
textLayer.property("ADBE Transform Group").property("ADBE Position").setValue([540, 1632]);


// === ANIMATIONS ===
// Animations for Circle_animated
var sl1Opac = sl1.property("ADBE Transform Group").property("ADBE Opacity");
sl1Opac.setValueAtTime(1.0, 0.0);
sl1Opac.setValueAtTime(2.0, 30.0);
sl1Opac.setValueAtTime(3.0, 0.0);
var sl1Scale = sl1.property("ADBE Transform Group").property("ADBE Scale");
sl1Scale.setValueAtTime(1.0, [0, 0]);
sl1Scale.setValueAtTime(3.0, [100, 100]);

// Animations for Particle_0
var sl2Pos = sl2.property("ADBE Transform Group").property("ADBE Position");
sl2Pos.setValueAtTime(0.0, [568, 1600.0]);
sl2Pos.setValueAtTime(2.0, [568, 600.0]);
var sl2Opac = sl2.property("ADBE Transform Group").property("ADBE Opacity");
sl2Opac.setValueAtTime(0.0, 0.0);
sl2Opac.setValueAtTime(0.667, 80.0);
sl2Opac.setValueAtTime(1.667, 0.0);

// Animations for Particle_1
var sl3Pos = sl3.property("ADBE Transform Group").property("ADBE Position");
sl3Pos.setValueAtTime(0.1, [495, 1600.0]);
sl3Pos.setValueAtTime(2.1, [495, 600.0]);
var sl3Opac = sl3.property("ADBE Transform Group").property("ADBE Opacity");
sl3Opac.setValueAtTime(0.1, 0.0);
sl3Opac.setValueAtTime(0.767, 80.0);
sl3Opac.setValueAtTime(1.767, 0.0);

// Animations for Particle_2
var sl4Pos = sl4.property("ADBE Transform Group").property("ADBE Position");
sl4Pos.setValueAtTime(0.2, [587, 1600.0]);
sl4Pos.setValueAtTime(2.2, [587, 600.0]);
var sl4Opac = sl4.property("ADBE Transform Group").property("ADBE Opacity");
sl4Opac.setValueAtTime(0.2, 0.0);
sl4Opac.setValueAtTime(0.867, 80.0);
sl4Opac.setValueAtTime(1.867, 0.0);

// Animations for Particle_3
var sl5Pos = sl5.property("ADBE Transform Group").property("ADBE Position");
sl5Pos.setValueAtTime(0.3, [618, 1600.0]);
sl5Pos.setValueAtTime(2.3, [618, 600.0]);
var sl5Opac = sl5.property("ADBE Transform Group").property("ADBE Opacity");
sl5Opac.setValueAtTime(0.3, 0.0);
sl5Opac.setValueAtTime(0.967, 80.0);
sl5Opac.setValueAtTime(1.967, 0.0);

// Animations for Particle_4
var sl6Pos = sl6.property("ADBE Transform Group").property("ADBE Position");
sl6Pos.setValueAtTime(0.4, [524, 1600.0]);
sl6Pos.setValueAtTime(2.4, [524, 600.0]);
var sl6Opac = sl6.property("ADBE Transform Group").property("ADBE Opacity");
sl6Opac.setValueAtTime(0.4, 0.0);
sl6Opac.setValueAtTime(1.067, 80.0);
sl6Opac.setValueAtTime(2.067, 0.0);

// Animations for Particle_5
var sl7Pos = sl7.property("ADBE Transform Group").property("ADBE Position");
sl7Pos.setValueAtTime(0.5, [484, 1600.0]);
sl7Pos.setValueAtTime(2.5, [484, 600.0]);
var sl7Opac = sl7.property("ADBE Transform Group").property("ADBE Opacity");
sl7Opac.setValueAtTime(0.5, 0.0);
sl7Opac.setValueAtTime(1.167, 80.0);
sl7Opac.setValueAtTime(2.167, 0.0);

// Animations for Particle_6
var sl8Pos = sl8.property("ADBE Transform Group").property("ADBE Position");
sl8Pos.setValueAtTime(0.6, [445, 1600.0]);
sl8Pos.setValueAtTime(2.6, [445, 600.0]);
var sl8Opac = sl8.property("ADBE Transform Group").property("ADBE Opacity");
sl8Opac.setValueAtTime(0.6, 0.0);
sl8Opac.setValueAtTime(1.267, 80.0);
sl8Opac.setValueAtTime(2.267, 0.0);

// Animations for Particle_7
var sl9Pos = sl9.property("ADBE Transform Group").property("ADBE Position");
sl9Pos.setValueAtTime(0.7, [570, 1600.0]);
sl9Pos.setValueAtTime(2.7, [570, 600.0]);
var sl9Opac = sl9.property("ADBE Transform Group").property("ADBE Opacity");
sl9Opac.setValueAtTime(0.7, 0.0);
sl9Opac.setValueAtTime(1.367, 80.0);
sl9Opac.setValueAtTime(2.367, 0.0);

// Animations for Path_10
var sl10Pos = sl10.property("ADBE Transform Group").property("ADBE Position");
sl10Pos.setValueAtTime(0.0, [540.0, 1400.0]);
sl10Pos.setValueAtTime(2.0, [540.0, 960.0]);

// Animations for Path_11
var sl11Pos = sl11.property("ADBE Transform Group").property("ADBE Position");
sl11Pos.setValueAtTime(0.0, [540.0, 1400.0]);
sl11Pos.setValueAtTime(2.0, [540.0, 960.0]);

// Animations for Path_12
var sl12Pos = sl12.property("ADBE Transform Group").property("ADBE Position");
sl12Pos.setValueAtTime(0.0, [540.0, 1400.0]);
sl12Pos.setValueAtTime(2.0, [540.0, 960.0]);

// Animations for textLayer
var textLayerPos = textLayer.property("ADBE Transform Group").property("ADBE Position");
textLayerPos.setValueAtTime(1.333, [540, 1662.0]);
textLayerPos.setValueAtTime(2.0, [540, 1632.0]);
var textLayerOpac = textLayer.property("ADBE Transform Group").property("ADBE Opacity");
textLayerOpac.setValueAtTime(1.333, 0.0);
textLayerOpac.setValueAtTime(2.0, 100.0);
var textLayerScale = textLayer.property("ADBE Transform Group").property("ADBE Scale");
textLayerScale.setValueAtTime(1.333, [0, 0]);
textLayerScale.setValueAtTime(1.5, [120, 120]);
textLayerScale.setValueAtTime(1.833, [100, 100]);


Saved to prueba-para-ae/test_deterministic.jsx
